// Jest Snapshot v1, https://goo.gl/fbAQLP

exports[`renders App 1`] = `
<div>
  <div
    className="container mx-auto py-16 flex flex-col items-center max-w-lg max-h-lg"
  >
    <div
      className="flex items-center justify-center h-5/6 w-full my-2"
    >
      <h1
        className="absolute text-center text-white text-2xl"
      >
        Get Star Wars Movie Recommendations
      </h1>
      <img
        alt="looking at earch through spaceship window"
        src="/header-image.jpg"
      />
    </div>
    <div
      className="flex flex-col items-center md:flex-row w-full"
    >
      <input
        className="w-full rounded-lg border-black border-2 mr-0 md:mr-2 mb-2 md:mb-0"
        id="characters-filter"
        onChange={[Function]}
        placeholder="Start typing to search for a character"
        type="text"
      />
      <a
        className="w-1/2 rounded-lg text-center text-white bg-blue-500 hover:bg-blue-600 border-black border-2"
        href="/suggestion-list"
        onClick={[Function]}
        params={Array []}
      >
        Suggest!
      </a>
    </div>
    <span>
      Loading...
    </span>
  </div>
</div>
`;
