// Jest Snapshot v1, https://goo.gl/fbAQLP

exports[`renders Button 1`] = `
<input
  className="w-1/2 rounded-lg text-center text-white bg-blue-500 hover:bg-blue-600 cursor-pointer border-black border-2"
  type="button"
  value="123"
/>
`;
