// Jest Snapshot v1, https://goo.gl/fbAQLP

exports[`renders Filter 1`] = `
<input
  className="w-full rounded-lg border-black border-2 mr-0 md:mr-2 mb-2 md:mb-0"
  id="characters-filter"
  onChange={[Function]}
  placeholder="this place"
  type="text"
/>
`;
